2026-09-03 12:14:22,128 INFO HTTP 200: https://plk.pl/terminarz (2076062 bytes)
2026-09-03 12:14:30,707 INFO HTTP 200: https://plk.pl/mecz/223469/zastal-zielona-gora-vs-legia-warszawa (376089 bytes)
2026-09-03 12:14:30,855 INFO HTTP 200: https://plk.pl/mecz/223461/enea-laciate-astoria-bydgoszcz-vs-zastal-zielona-gora (376450 bytes)
2026-09-03 12:14:30,898 INFO HTTP 200: https://plk.pl/mecz/223477/gtk-gliwice-vs-zastal-zielona-gora (376108 bytes)
2026-09-03 12:14:30,979 INFO HTTP 200: https://plk.pl/mecz/223485/zastal-zielona-gora-vs-anwil-wloclawek (376099 bytes)
2026-09-03 12:14:38,475 INFO HTTP 200: https://plk.pl/mecz/223517/zastal-zielona-gora-vs-dziki-warszawa (374723 bytes)
2026-09-03 12:14:38,674 INFO HTTP 200: https://plk.pl/mecz/223493/arriva-lotto-twarde-pierniki-torun-vs-zastal-zielona-gora (375108 bytes)
2026-09-03 12:14:38,690 INFO HTTP 200: https://plk.pl/mecz/223501/tasomix-rosiek-stal-ostrow-wielkopolski-vs-zastal-zielona-gora (375229 bytes)
2026-09-03 12:14:38,738 INFO HTTP 200: https://plk.pl/mecz/223509/wks-slask-wroclaw-vs-zastal-zielona-gora (374794 bytes)
2026-09-03 12:14:46,643 INFO HTTP 200: https://plk.pl/mecz/223525/energa-trefl-sopot-vs-zastal-zielona-gora (374768 bytes)
2026-09-03 12:14:46,767 INFO HTTP 200: https://plk.pl/mecz/223549/zastal-zielona-gora-vs-king-szczecin (374634 bytes)
2026-09-03 12:14:46,805 INFO HTTP 200: https://plk.pl/mecz/223541/pge-start-lublin-vs-zastal-zielona-gora (374669 bytes)
2026-09-03 12:14:46,941 INFO HTTP 200: https://plk.pl/mecz/223533/zastal-zielona-gora-vs-amw-arka-gdynia (374717 bytes)
2026-09-03 12:14:55,278 INFO HTTP 200: https://plk.pl/mecz/223557/gornik-zamek-ksiaz-walbrzych-vs-zastal-zielona-gora (375014 bytes)
2026-09-03 12:14:55,326 INFO HTTP 200: https://plk.pl/mecz/223565/zastal-zielona-gora-vs-mks-dabrowa-gornicza (374807 bytes)
2026-09-03 12:14:55,394 INFO HTTP 200: https://plk.pl/mecz/223584/zastal-zielona-gora-vs-wks-slask-wroclaw (374796 bytes)
2026-09-03 12:14:55,454 INFO HTTP 200: https://plk.pl/mecz/223573/energa-czarni-slupsk-vs-zastal-zielona-gora (374801 bytes)
2026-09-03 12:15:03,891 INFO HTTP 200: https://plk.pl/mecz/223608/amw-arka-gdynia-vs-zastal-zielona-gora (374710 bytes)
2026-09-03 12:15:04,046 INFO HTTP 200: https://plk.pl/mecz/223593/zastal-zielona-gora-vs-energa-czarni-slupsk (374801 bytes)
2026-09-03 12:15:04,068 INFO HTTP 200: https://plk.pl/mecz/223618/zastal-zielona-gora-vs-gtk-gliwice (374608 bytes)
2026-09-03 12:15:04,068 INFO HTTP 200: https://plk.pl/mecz/223601/anwil-wloclawek-vs-zastal-zielona-gora (374729 bytes)
2026-09-03 12:15:12,142 INFO HTTP 200: https://plk.pl/mecz/223623/zastal-zielona-gora-vs-gornik-zamek-ksiaz-walbrzych (375007 bytes)
2026-09-03 12:15:12,258 INFO HTTP 200: https://plk.pl/mecz/223635/mks-dabrowa-gornicza-vs-zastal-zielona-gora (374814 bytes)
2026-09-03 12:15:12,318 INFO HTTP 200: https://plk.pl/mecz/223638/zastal-zielona-gora-vs-energa-trefl-sopot (374777 bytes)
2026-09-03 12:15:12,373 INFO HTTP 200: https://plk.pl/mecz/223652/zastal-zielona-gora-vs-tasomix-rosiek-stal-ostrow-wielkopolski (375238 bytes)
2026-09-03 12:15:20,511 INFO HTTP 200: https://plk.pl/mecz/223683/zastal-zielona-gora-vs-pge-start-lublin (374669 bytes)
2026-09-03 12:15:20,596 INFO HTTP 200: https://plk.pl/mecz/223653/zastal-zielona-gora-vs-enea-laciate-astoria-bydgoszcz (374994 bytes)
2026-09-03 12:15:20,688 INFO HTTP 200: https://plk.pl/mecz/223668/legia-warszawa-vs-zastal-zielona-gora (374683 bytes)
2026-09-03 12:15:20,739 INFO HTTP 200: https://plk.pl/mecz/223670/dziki-warszawa-vs-zastal-zielona-gora (374725 bytes)
2026-09-03 12:15:29,319 INFO HTTP 200: https://plk.pl/mecz/223687/zastal-zielona-gora-vs-arriva-lotto-twarde-pierniki-torun (375060 bytes)
2026-09-03 12:15:29,411 INFO HTTP 200: https://plk.pl/mecz/223698/king-szczecin-vs-zastal-zielona-gora (374912 bytes)
2026-09-03 12:15:29,448 INFO PLK 2026/2027: 30 Zastal games
2026-09-03 12:15:38,939 INFO HTTP 200: https://www.fiba.basketball/en/events (582866 bytes)
2026-09-03 12:15:48,564 INFO HTTP 200: https://www.fiba.basketball/en/events/fiba-europe-cup-26-27 (1181965 bytes)
2026-09-03 12:15:57,531 INFO HTTP 200: https://digital-api.fiba.basketball/hapi/getgdapgamesbycompetitionid?gdapCompetitionId=209129 (622649 bytes)
2026-09-03 12:15:57,538 INFO FIBA transport: official website JSON API
2026-09-03 12:15:57,538 INFO FIBA 2026/2027, competition 209129: 10 Zastal games
2026-09-03 12:15:57,648 INFO Calendar updated atomically: docs/zastal.ics (44484 bytes)
2026-09-03 12:15:57,648 INFO SUCCESS: 40 games, changed=True, timed=8, TBD=32
